              total        used        free      shared  buff/cache   available
Mem:        1881632      308948      197388      737816     1375296      674408
Swap:       4194300      272640     3921660
