Linux 3.10.0-1160.105.1.el7.x86_64 (wlptt-rlth-4.fyre.ibm.com) 	26/01/24 	_x86_64_	(2 CPU)

avg-cpu:  %user   %nice %system %iowait  %steal   %idle
           0.18    0.00    0.22    0.03    0.01   99.57

Device:         rrqm/s   wrqm/s     r/s     w/s    rkB/s    wkB/s avgrq-sz avgqu-sz   await r_await w_await  svctm  %util
vda               0.00     0.08    0.20    0.41     5.47     6.49    38.84     0.00    1.74    1.38    1.91   0.79   0.05
dm-0              0.00     0.00    0.20    0.45     5.44     6.58    37.12     0.00    1.79    1.39    1.97   0.56   0.04
dm-1              0.00     0.00    0.01    0.04     0.03     0.17     8.02     0.00    9.04    0.80   10.33   0.05   0.00

