NAME          MAJ:MIN RM  SIZE RO TYPE MOUNTPOINT
vda           252:0    0  250G  0 disk 
├─vda1        252:1    0    1G  0 part /boot
└─vda2        252:2    0  244G  0 part 
  ├─rhel-root 253:0    0  240G  0 lvm  /
  └─rhel-swap 253:1    0    4G  0 lvm  [SWAP]
