RESOURCE DESCRIPTION                                              LIMIT   USED  USE%
MSGMNI   Number of message queues                                 32000     43 0.13%
MSGMAX   Max size of message (bytes)                              65536      -     -
MSGMNB   Default max size of queue (bytes)                        65536      -     -
SHMMNI   Shared memory segments                                    4096     12 0.29%
SHMALL   Shared memory pages                       18446744073692774399 528293 0.00%
SHMMAX   Max size of shared memory segment (bytes) 18446744073692774399      -     -
SHMMIN   Min size of shared memory segment (bytes)                    1      -     -
SEMMNI   Number of semaphore identifiers                          32768    116 0.35%
SEMMNS   Total number of semaphores                              256000    116 0.05%
SEMMSL   Max semaphores per semaphore set.                          250      -     -
SEMOPM   Max number of operations per semop(2)                       32      -     -
SEMVMX   Semaphore max value                                      32767      -     -
