nr_free_pages 49427
nr_alloc_batch 2795
nr_inactive_anon 157270
nr_active_anon 66402
nr_inactive_file 56516
nr_active_file 88205
nr_unevictable 0
nr_mlock 0
nr_anon_pages 33694
nr_mapped 178992
nr_file_pages 330858
nr_dirty 60
nr_writeback 0
nr_slab_reclaimable 14649
nr_slab_unreclaimable 9429
nr_page_table_pages 4684
nr_kernel_stack 315
nr_unstable 0
nr_bounce 0
nr_vmscan_write 174935
nr_vmscan_immediate_reclaim 201
nr_writeback_temp 0
nr_isolated_anon 0
nr_isolated_file 0
nr_shmem 184454
nr_dirtied 33462942
nr_written 5030987
numa_hit 523852083
numa_miss 0
numa_foreign 0
numa_interleave 15018
numa_local 523852083
numa_other 0
workingset_refault 3792119
workingset_activate 1167074
workingset_nodereclaim 0
nr_anon_transparent_hugepages 10
nr_free_cma 0
nr_dirty_threshold 49251
nr_dirty_background_threshold 16417
pgpgin 22551840
pgpgout 26744423
pswpin 27385
pswpout 174935
pgalloc_dma 2752414
pgalloc_dma32 538398626
pgalloc_normal 0
pgalloc_movable 0
pgfree 541207411
pgactivate 10542383
pgdeactivate 2405136
pgfault 669949473
pgmajfault 21602
pglazyfreed 0
pgrefill_dma 14258
pgrefill_dma32 2858416
pgrefill_normal 0
pgrefill_movable 0
pgsteal_kswapd_dma 24339
pgsteal_kswapd_dma32 4662049
pgsteal_kswapd_normal 0
pgsteal_kswapd_movable 0
pgsteal_direct_dma 13
pgsteal_direct_dma32 4691
pgsteal_direct_normal 0
pgsteal_direct_movable 0
pgscan_kswapd_dma 26423
pgscan_kswapd_dma32 5161446
pgscan_kswapd_normal 0
pgscan_kswapd_movable 0
pgscan_direct_dma 13
pgscan_direct_dma32 160208
pgscan_direct_normal 0
pgscan_direct_movable 0
pgscan_direct_throttle 0
zone_reclaim_failed 0
pginodesteal 0
slabs_scanned 1284352
kswapd_inodesteal 0
kswapd_low_wmark_hit_quickly 373
kswapd_high_wmark_hit_quickly 671
pageoutrun 1450
allocstall 84
pgrotated 166018
drop_pagecache 0
drop_slab 0
numa_pte_updates 0
numa_huge_pte_updates 0
numa_hint_faults 0
numa_hint_faults_local 0
numa_pages_migrated 0
pgmigrate_success 5732
pgmigrate_fail 0
compact_migrate_scanned 7367
compact_free_scanned 429285
compact_isolated 12417
compact_stall 9
compact_fail 1
compact_success 8
htlb_buddy_alloc_success 0
htlb_buddy_alloc_fail 0
unevictable_pgs_culled 0
unevictable_pgs_scanned 0
unevictable_pgs_rescued 0
unevictable_pgs_mlocked 0
unevictable_pgs_munlocked 0
unevictable_pgs_cleared 0
unevictable_pgs_stranded 0
thp_fault_alloc 6579
thp_fault_fallback 19762
thp_collapse_alloc 278
thp_collapse_alloc_failed 50087
thp_split 1280
thp_zero_page_alloc 10
thp_zero_page_alloc_failed 0
balloon_inflate 0
balloon_deflate 0
balloon_migrate 0
swap_ra 19188
swap_ra_hit 16552
