Reading from: ./syscat.tables.ixf
Table Name: syscattables
Column Count: 85
Row    Count: 432
Processing time(sec): 0.026784181594848633
