Start processing with arguments: {'cmd': 'convert', 'outfmt': 'csv', 'lobFolder': '../db2mon_snap_hostname_db2inst1_DBNAME_TS', 'outputEncoding': None, 'ouputLobStrategy': 'detached', 'trace': False, 'fromRow': None, 'maxRows': None, 'in': '../db2mon_snap_hostname_db2inst1_DBNAME_TS/db_get_cfg.ixf', 'out': 'testOutput'}
Writing to file: /Users/romeolupascu/github/romeolibm/IXFTools/test/db2mon/files_convert_trace/testOutput/db_get_cfg.csv
Start processing input from: ../db2mon_snap_hostname_db2inst1_DBNAME_TS/db_get_cfg.ixf 
 using parser: <__main__.IXFParserWriteCsv object at 0x10317c370>
Writing data to: /Users/romeolupascu/github/romeolibm/IXFTools/test/db2mon/files_convert_trace/testOutput/db_get_cfg.csv
Reading from: ../db2mon_snap_hostname_db2inst1_DBNAME_TS/db_get_cfg.ixf
Table   Name: db_get_cfg
Column count: 10
Lobs    size: 0
Lob    count: 0
Row    count: 169
Processing time(sec): 0.005076169967651367
