Start processing with arguments: {'cmd': 'convert', 'outfmt': 'csv', 'lobFolder': '../db2mon_snap_hostname_db2inst1_DBNAME_TS', 'outputEncoding': None, 'ouputLobStrategy': 'detached', 'trace': False, 'fromRow': None, 'maxRows': None, 'in': '../db2mon_snap_hostname_db2inst1_DBNAME_TS/mon_get_pkg_cache_stmt.ixf', 'out': 'testOutput'}
Writing to file: /Users/romeolupascu/github/romeolibm/IXFTools/test/db2mon/files_convert_trace/testOutput/mon_get_pkg_cache_stmt.csv
Start processing input from: ../db2mon_snap_hostname_db2inst1_DBNAME_TS/mon_get_pkg_cache_stmt.ixf 
 using parser: <__main__.IXFParserWriteCsv object at 0x100484370>
Writing data to: /Users/romeolupascu/github/romeolibm/IXFTools/test/db2mon/files_convert_trace/testOutput/mon_get_pkg_cache_stmt.csv
Reading from: ../db2mon_snap_hostname_db2inst1_DBNAME_TS/mon_get_pkg_cache_stmt.ixf
Table   Name: mon_get_pkg_cache_stmt
Column count: 294
Lobs    size: 0
Lob    count: 0
Row    count: 24
Processing time(sec): 0.012539863586425781
