Start processing with arguments: {'cmd': 'convert', 'outfmt': 'csv', 'lobFolder': '../db2mon_snap_hostname_db2inst1_DBNAME_TS', 'outputEncoding': None, 'ouputLobStrategy': 'detached', 'trace': False, 'fromRow': None, 'maxRows': None, 'in': '../db2mon_snap_hostname_db2inst1_DBNAME_TS/syscat_tables.ixf', 'out': 'testOutput'}
Writing to file: /Users/romeolupascu/github/romeolibm/IXFTools/test/db2mon/files_convert_trace/testOutput/syscat_tables.csv
Start processing input from: ../db2mon_snap_hostname_db2inst1_DBNAME_TS/syscat_tables.ixf 
 using parser: <__main__.IXFParserWriteCsv object at 0x102cdc370>
Writing data to: /Users/romeolupascu/github/romeolibm/IXFTools/test/db2mon/files_convert_trace/testOutput/syscat_tables.csv
Reading from: ../db2mon_snap_hostname_db2inst1_DBNAME_TS/syscat_tables.ixf
Table   Name: syscat_tables
Column count: 86
Lobs    size: 0
Lob    count: 0
Row    count: 471
Processing time(sec): 0.05534791946411133
